e:\ryzextr\debug\vc143.pdb
e:\ryzextr\debug\vc143.idb
e:\ryzextr\debug\interfaces.obj
e:\ryzextr\debug\dllmain.obj
e:\ryzextr\debug\hooks.obj
e:\ryzextr\debug\imgui_widgets.obj
e:\ryzextr\debug\imgui_tables.obj
e:\ryzextr\debug\imgui_impl_win32.obj
e:\ryzextr\debug\imgui_impl_dx9.obj
e:\ryzextr\debug\imgui_draw.obj
e:\ryzextr\debug\imgui_demo.obj
e:\ryzextr\debug\imgui.obj
e:\ryzextr\debug\crc32.obj
e:\ryzextr\debug\hkcreatemoveproxy.obj
e:\ryzextr\debug\netvar.obj
e:\ryzextr\debug\hkpainttraverse.obj
e:\ryzextr\debug\hkframestagenotify.obj
e:\ryzextr\debug\hkallockeyvaluesmemory.obj
e:\ryzextr\debug\hkclmove.obj
e:\ryzextr\debug\misc.obj
e:\ryzextr\debug\esp.obj
e:\ryzextr\debug\hkoverrideview.obj
e:\ryzextr\debug\math.obj
e:\ryzextr\debug\trampoline.obj
e:\ryzextr\debug\hook.obj
e:\ryzextr\debug\hde64.obj
e:\ryzextr\debug\hde32.obj
e:\ryzextr\debug\buffer.obj
e:\ryzextr\debug\enginepred.obj
e:\ryzextr\debug\imguihooks.obj
e:\ryzextr\debug\gui.obj
e:\ryzextr\debug\hklockcursor.obj
e:\ryzextr\debug\hkdrawmodel.obj
e:\ryzextr\debug\chams.obj
e:\ryzextr\debug\ckeyvalues.obj
e:\ryzextr\debug\hklistleavesinbox.obj
e:\ryzextr\debug\cconvar.obj
e:\ryzextr\debug\antiaim.obj
e:\ryzextr\debug\entity.obj
e:\ryzextr\debug\lagcompensation.obj
e:\ryzextr\debug\localanimation.obj
e:\ryzextr\debug\hkupdateanimationstate.obj
e:\ryzextr\debug\hkstandardblendingrules.obj
e:\ryzextr\debug\hkshouldskipanimationframe.obj
e:\ryzextr\debug\hkishltv.obj
e:\ryzextr\debug\hkdoproceduralfootplant.obj
e:\ryzextr\debug\hkcheckforsequencechange.obj
e:\ryzextr\debug\hkcalculateview.obj
e:\ryzextr\debug\hkbuildtransformation.obj
e:\ryzextr\debug\hkmodifyeyeposition.obj
e:\ryzextr\debug\hkupdateclientsideanimations.obj
e:\ryzextr\debug\hksetupbones.obj
e:\ryzextr\debug\autowall.obj
e:\ryzextr\debug\ragebot.obj
e:\ryzextr\debug\hkinterpolationlist.obj
e:\ryzextr\debug\hkfiregameevent.obj
e:\ryzextr\debug\hkdoextraboneprocessing.obj
e:\ryzextr\debug\doubletap.obj
e:\ryzextr\debug\hkruncommand.obj
e:\ryzextr\debug\customgui.obj
e:\ryzextr\debug\config.obj
e:\ryzextr\debug\hkgetviewmodelfov.obj
e:\ryzextr\debug\hkispaused.obj
e:\ryzextr\debug\hkphysicssimulate.obj
e:\ryzextr\debug\hkwriteusercmddeltatobuffer.obj
e:\ryzextr\debug\hkinterpolateserverentites.obj
e:\ryzextr\debug\hkisfollowingentity.obj
e:\ryzextr\debug\hkestimateabsvelocity.obj
e:\ryzextr\debug\entitylistener.obj
e:\ryzextr\debug\rageaimbot.obj
e:\ryzextr\debug\ryzextr.pdb
e:\ryzextr\debug\ryzextr.tlog\cl.command.1.tlog
e:\ryzextr\debug\ryzextr.tlog\cl.read.1.tlog
e:\ryzextr\debug\ryzextr.tlog\cl.write.1.tlog
e:\ryzextr\debug\ryzextr.tlog\link-cvtres.read.1.tlog
e:\ryzextr\debug\ryzextr.tlog\link-cvtres.write.1.tlog
e:\ryzextr\debug\ryzextr.tlog\link-rc.read.1.tlog
e:\ryzextr\debug\ryzextr.tlog\link-rc.write.1.tlog
e:\ryzextr\debug\ryzextr.tlog\link.13596-cvtres.read.1.tlog
e:\ryzextr\debug\ryzextr.tlog\link.13596-cvtres.write.1.tlog
e:\ryzextr\debug\ryzextr.tlog\link.13596-rc.read.1.tlog
e:\ryzextr\debug\ryzextr.tlog\link.13596-rc.write.1.tlog
e:\ryzextr\debug\ryzextr.tlog\link.13596.read.1.tlog
e:\ryzextr\debug\ryzextr.tlog\link.13596.write.1.tlog
e:\ryzextr\debug\ryzextr.tlog\link.command.1.tlog
e:\ryzextr\debug\ryzextr.tlog\link.read.1.tlog
e:\ryzextr\debug\ryzextr.tlog\link.write.1.tlog
