e:\github\ryzex\ryzex\ryzextr\release\vc143.pdb
e:\github\ryzex\ryzex\ryzextr\release\hkishltv.obj
e:\github\ryzex\ryzex\ryzextr\release\hkisfollowingentity.obj
e:\github\ryzex\ryzex\ryzextr\release\hkinterpolationlist.obj
e:\github\ryzex\ryzex\ryzextr\release\hkinterpolateserverentites.obj
e:\github\ryzex\ryzex\ryzextr\release\hkestimateabsvelocity.obj
e:\github\ryzex\ryzex\ryzextr\release\hkdoproceduralfootplant.obj
e:\github\ryzex\ryzex\ryzextr\release\hkcheckforsequencechange.obj
e:\github\ryzex\ryzex\ryzextr\release\hkcalculateview.obj
e:\github\ryzex\ryzex\ryzextr\release\hkbuildtransformation.obj
e:\github\ryzex\ryzex\ryzextr\release\esp.obj
e:\github\ryzex\ryzex\ryzextr\release\chams.obj
e:\github\ryzex\ryzex\ryzextr\release\ragebot.obj
e:\github\ryzex\ryzex\ryzextr\release\doubletap.obj
e:\github\ryzex\ryzex\ryzextr\release\autowall.obj
e:\github\ryzex\ryzex\ryzextr\release\antiaim.obj
e:\github\ryzex\ryzex\ryzextr\release\localanimation.obj
e:\github\ryzex\ryzex\ryzextr\release\lagcompensation.obj
e:\github\ryzex\ryzex\ryzextr\release\misc.obj
e:\github\ryzex\ryzex\ryzextr\release\enginepred.obj
e:\github\ryzex\ryzex\ryzextr\release\dllmain.obj
e:\github\ryzex\ryzex\ryzextr\release\ryzextr.tlog\cl.command.1.tlog
e:\github\ryzex\ryzex\ryzextr\release\ryzextr.tlog\cl.read.1.tlog
e:\github\ryzex\ryzex\ryzextr\release\ryzextr.tlog\cl.write.1.tlog
